args: ('Common Item', -1, 0) => 'Common Item, sell_in: -2, quality: 0'
args: ('Common Item', -1, 1) => 'Common Item, sell_in: -2, quality: 0'
args: ('Common Item', -1, 2) => 'Common Item, sell_in: -2, quality: 0'
args: ('Common Item', -1, 49) => 'Common Item, sell_in: -2, quality: 47'
args: ('Common Item', -1, 50) => 'Common Item, sell_in: -2, quality: 48'
args: ('Common Item', 0, 0) => 'Common Item, sell_in: -1, quality: 0'
args: ('Common Item', 0, 1) => 'Common Item, sell_in: -1, quality: 0'
args: ('Common Item', 0, 2) => 'Common Item, sell_in: -1, quality: 0'
args: ('Common Item', 0, 49) => 'Common Item, sell_in: -1, quality: 47'
args: ('Common Item', 0, 50) => 'Common Item, sell_in: -1, quality: 48'
args: ('Aged Brie', -1, 0) => 'Aged Brie, sell_in: -2, quality: 2'
args: ('Aged Brie', -1, 1) => 'Aged Brie, sell_in: -2, quality: 3'
args: ('Aged Brie', -1, 2) => 'Aged Brie, sell_in: -2, quality: 4'
args: ('Aged Brie', -1, 49) => 'Aged Brie, sell_in: -2, quality: 50'
args: ('Aged Brie', -1, 50) => 'Aged Brie, sell_in: -2, quality: 50'
args: ('Aged Brie', 0, 0) => 'Aged Brie, sell_in: -1, quality: 2'
args: ('Aged Brie', 0, 1) => 'Aged Brie, sell_in: -1, quality: 3'
args: ('Aged Brie', 0, 2) => 'Aged Brie, sell_in: -1, quality: 4'
args: ('Aged Brie', 0, 49) => 'Aged Brie, sell_in: -1, quality: 50'
args: ('Aged Brie', 0, 50) => 'Aged Brie, sell_in: -1, quality: 50'
args: ('Backstage passes', -1, 0) => 'Backstage passes, sell_in: -2, quality: 0'
args: ('Backstage passes', -1, 1) => 'Backstage passes, sell_in: -2, quality: 0'
args: ('Backstage passes', -1, 2) => 'Backstage passes, sell_in: -2, quality: 0'
args: ('Backstage passes', -1, 49) => 'Backstage passes, sell_in: -2, quality: 0'
args: ('Backstage passes', -1, 50) => 'Backstage passes, sell_in: -2, quality: 0'
args: ('Backstage passes', 0, 0) => 'Backstage passes, sell_in: -1, quality: 0'
args: ('Backstage passes', 0, 1) => 'Backstage passes, sell_in: -1, quality: 0'
args: ('Backstage passes', 0, 2) => 'Backstage passes, sell_in: -1, quality: 0'
args: ('Backstage passes', 0, 49) => 'Backstage passes, sell_in: -1, quality: 0'
args: ('Backstage passes', 0, 50) => 'Backstage passes, sell_in: -1, quality: 0'
args: ('Sulfuras, Hand of Ragnaros', -1, 0) => 'Sulfuras, Hand of Ragnaros, sell_in: -1, quality: 0'
args: ('Sulfuras, Hand of Ragnaros', -1, 1) => 'Sulfuras, Hand of Ragnaros, sell_in: -1, quality: 1'
args: ('Sulfuras, Hand of Ragnaros', -1, 2) => 'Sulfuras, Hand of Ragnaros, sell_in: -1, quality: 2'
args: ('Sulfuras, Hand of Ragnaros', -1, 49) => 'Sulfuras, Hand of Ragnaros, sell_in: -1, quality: 49'
args: ('Sulfuras, Hand of Ragnaros', -1, 50) => 'Sulfuras, Hand of Ragnaros, sell_in: -1, quality: 50'
args: ('Sulfuras, Hand of Ragnaros', 0, 0) => 'Sulfuras, Hand of Ragnaros, sell_in: 0, quality: 0'
args: ('Sulfuras, Hand of Ragnaros', 0, 1) => 'Sulfuras, Hand of Ragnaros, sell_in: 0, quality: 1'
args: ('Sulfuras, Hand of Ragnaros', 0, 2) => 'Sulfuras, Hand of Ragnaros, sell_in: 0, quality: 2'
args: ('Sulfuras, Hand of Ragnaros', 0, 49) => 'Sulfuras, Hand of Ragnaros, sell_in: 0, quality: 49'
args: ('Sulfuras, Hand of Ragnaros', 0, 50) => 'Sulfuras, Hand of Ragnaros, sell_in: 0, quality: 50'
